// Jest Snapshot v1, https://goo.gl/fbAQLP

exports[`Snapshots should render correctly in "debug" mode 1`] = `
<div>
  <div
    className="form"
  >
    <div>
      <button
        className="check"
        onClick={[Function]}
        type="button"
      >
        <div
          className="checkIn"
        >
          <div
            style={
              Object {
                "fontSize": "12px",
              }
            }
          >
            CHECK-IN
          </div>
          <div
            style={
              Object {
                "color": "rgb(125, 125, 125)",
              }
            }
          >
            Add date
          </div>
        </div>
        <div
          className="checkOut"
        >
          <div
            style={
              Object {
                "fontSize": "12px",
              }
            }
          >
            CHECKOUT
          </div>
          <div
            style={
              Object {
                "color": "rgb(125, 125, 125)",
              }
            }
          >
            Add date
          </div>
        </div>
      </button>
    </div>
    <div
      style={
        Object {
          "display": "none",
        }
      }
    >
      <Calendar
        close={[Function]}
        dateSet={
          Object {
            "debug": true,
          }
        }
      />
    </div>
    <div>
      <button
        className="guestBut"
        onClick={[Function]}
        type="button"
      >
        <div
          style={
            Object {
              "fontSize": "12px",
            }
          }
        >
          GUESTS
        </div>
        <div>
          1 guest
        </div>
      </button>
      <div
        style={
          Object {
            "display": "none",
          }
        }
      >
        <Guests
          close={[Function]}
        />
      </div>
    </div>
  </div>
  <div>
    <button
      className="checkAvailability"
      onMouseLeave={[Function]}
      onMouseMove={[Function]}
      style={
        Object {
          "backgroundImage": "linear-gradient(to right, #d43939, #d43974)",
          "backgroundPosition": "0px 0px",
        }
      }
      type="button"
    >
      Check Availability
    </button>
  </div>
</div>
`;
